[{"wmsURL":"http://rsg.pml.ac.uk/thredds/wms/PML-M-AGGSLOW?","serverName":"rsg.pml.ac.uk-thredds-wms-PML-M-AGGSLOW","contactInfo":{"person":"Remote Sensing Group","email":"rsgweb@pml.ac.uk","address":"","phone":"","position":""},"provider":"Plymouth Marine Laboratory","timeStamp":"2016-11-28T15:22:07.304Z","owner":"127.0.0.1:6789","server":{"Layers":[{"Name":"Chl","Title":"Chlorophyll-a, Month Mean","Abstract":"Chlorophyll-a, month mean","FirstDate":"1991-01-16","LastDate":"2013-12-16","EX_GeographicBoundingBox":{"WestBoundLongitude":"-19.833330154418945","EastBoundLongitude":"13.00000286102295","SouthBoundLatitude":"40.11111068725586","NorthBoundLatitude":"64.88888549804688"}},{"Name":"euphDepth","Title":"Euphotic Depth (depth at Which Eir Is 10% of Surface Value), Month Mean","Abstract":"Euphotic depth (depth at which EIR is 10% of surface value), month mean","FirstDate":"1991-01-16","LastDate":"2013-12-16","EX_GeographicBoundingBox":{"WestBoundLongitude":"-19.833330154418945","EastBoundLongitude":"13.00000286102295","SouthBoundLatitude":"40.11111068725586","NorthBoundLatitude":"64.88888549804688"}},{"Name":"O2","Title":"Mole Concentration of Dissolved Molecular Oxygen in Sea Water","Abstract":"Oxygen, month mean","FirstDate":"1991-01-16","LastDate":"2013-12-16","EX_GeographicBoundingBox":{"WestBoundLongitude":"-19.833330154418945","EastBoundLongitude":"13.00000286102295","SouthBoundLatitude":"40.11111068725586","NorthBoundLatitude":"64.88888549804688"}},{"Name":"netPP","Title":"Net Primary Production, Month Mean","Abstract":"Net Primary Production, month mean","FirstDate":"1991-01-16","LastDate":"2013-12-16","EX_GeographicBoundingBox":{"WestBoundLongitude":"-19.833330154418945","EastBoundLongitude":"13.00000286102295","SouthBoundLatitude":"40.11111068725586","NorthBoundLatitude":"64.88888549804688"}},{"Name":"DIN","Title":"Nitrate, Month Mean","Abstract":"Nitrate, month mean","FirstDate":"1991-01-16","LastDate":"2013-12-16","EX_GeographicBoundingBox":{"WestBoundLongitude":"-19.833330154418945","EastBoundLongitude":"13.00000286102295","SouthBoundLatitude":"40.11111068725586","NorthBoundLatitude":"64.88888549804688"}},{"Name":"N:P","Title":"Nitrate/phosphate, Monthly Mean of Daily Ratio","Abstract":"Nitrate/phosphate, monthly mean of daily ratio","FirstDate":"1991-01-16","LastDate":"2013-12-16","EX_GeographicBoundingBox":{"WestBoundLongitude":"-19.833330154418945","EastBoundLongitude":"13.00000286102295","SouthBoundLatitude":"40.11111068725586","NorthBoundLatitude":"64.88888549804688"}},{"Name":"N:Si","Title":"Nitrate/silicate, Monthly Mean of Daily Ratio","Abstract":"Nitrate/silicate, monthly mean of daily ratio","FirstDate":"1991-01-16","LastDate":"2013-12-16","EX_GeographicBoundingBox":{"WestBoundLongitude":"-19.833330154418945","EastBoundLongitude":"13.00000286102295","SouthBoundLatitude":"40.11111068725586","NorthBoundLatitude":"64.88888549804688"}},{"Name":"MLD","Title":"Ocean Mixed Layer Thickness","Abstract":"Mixed Layer Depth (density variation), month mean","FirstDate":"1991-01-16","LastDate":"2013-12-16","EX_GeographicBoundingBox":{"WestBoundLongitude":"-19.833330154418945","EastBoundLongitude":"13.00000286102295","SouthBoundLatitude":"40.11111068725586","NorthBoundLatitude":"64.88888549804688"}},{"Name":"pCO2","Title":"Partial Pressure of Co2 in Water, Month Mean","Abstract":"Partial pressure of CO2 in water, month mean","FirstDate":"1991-01-16","LastDate":"2013-12-16","EX_GeographicBoundingBox":{"WestBoundLongitude":"-19.833330154418945","EastBoundLongitude":"13.00000286102295","SouthBoundLatitude":"40.11111068725586","NorthBoundLatitude":"64.88888549804688"}},{"Name":"DIP","Title":"Phosphate, Month Mean","Abstract":"Phosphate, month mean","FirstDate":"1991-01-16","LastDate":"2013-12-16","EX_GeographicBoundingBox":{"WestBoundLongitude":"-19.833330154418945","EastBoundLongitude":"13.00000286102295","SouthBoundLatitude":"40.11111068725586","NorthBoundLatitude":"64.88888549804688"}},{"Name":"Pc","Title":"Phytoplankton C, Month Mean","Abstract":"Phytoplankton C, month mean","FirstDate":"1991-01-16","LastDate":"2013-12-16","EX_GeographicBoundingBox":{"WestBoundLongitude":"-19.833330154418945","EastBoundLongitude":"13.00000286102295","SouthBoundLatitude":"40.11111068725586","NorthBoundLatitude":"64.88888549804688"}},{"Name":"PEA","Title":"Potential Energy Anomaly, for Top 400 M of Water, Month Mean","Abstract":"Potential Energy Anomaly, for top 400 m of water, month mean","FirstDate":"1991-01-16","LastDate":"2013-12-16","EX_GeographicBoundingBox":{"WestBoundLongitude":"-19.833330154418945","EastBoundLongitude":"13.00000286102295","SouthBoundLatitude":"40.11111068725586","NorthBoundLatitude":"64.88888549804688"}},{"Name":"T","Title":"Sea Water Potential Temperature","Abstract":"Temperature, month mean","FirstDate":"1991-01-16","LastDate":"2013-12-16","EX_GeographicBoundingBox":{"WestBoundLongitude":"-19.833330154418945","EastBoundLongitude":"13.00000286102295","SouthBoundLatitude":"40.11111068725586","NorthBoundLatitude":"64.88888549804688"}},{"Name":"S","Title":"Sea Water Practical Salinity","Abstract":"Salinity, month mean","FirstDate":"1991-01-16","LastDate":"2013-12-16","EX_GeographicBoundingBox":{"WestBoundLongitude":"-19.833330154418945","EastBoundLongitude":"13.00000286102295","SouthBoundLatitude":"40.11111068725586","NorthBoundLatitude":"64.88888549804688"}},{"Name":"DISi","Title":"Silicate, Month Mean","Abstract":"Silicate, month mean","FirstDate":"1991-01-16","LastDate":"2013-12-16","EX_GeographicBoundingBox":{"WestBoundLongitude":"-19.833330154418945","EastBoundLongitude":"13.00000286102295","SouthBoundLatitude":"40.11111068725586","NorthBoundLatitude":"64.88888549804688"}},{"Name":"Zc","Title":"Zooplankton C, Month Mean","Abstract":"Zooplankton C, month mean","FirstDate":"1991-01-16","LastDate":"2013-12-16","EX_GeographicBoundingBox":{"WestBoundLongitude":"-19.833330154418945","EastBoundLongitude":"13.00000286102295","SouthBoundLatitude":"40.11111068725586","NorthBoundLatitude":"64.88888549804688"}}]}},{"wmsURL":"http://rsg.pml.ac.uk/thredds/wms/PML-S-AGGSLOW?","serverName":"rsg.pml.ac.uk-thredds-wms-PML-S-AGGSLOW","contactInfo":{"person":"Remote Sensing Group","email":"rsgweb@pml.ac.uk","address":"","phone":"","position":""},"provider":"Plymouth Marine Laboratory","timeStamp":"2016-11-28T16:17:08.620Z","owner":"127.0.0.1:6789","server":{"Layers":[{"Name":"S_anom","Title":"Salinity Anomaly","Abstract":"Salinity anomaly","FirstDate":"1991-08-16","LastDate":"2013-08-16","EX_GeographicBoundingBox":{"WestBoundLongitude":"-19.833330154418945","EastBoundLongitude":"13.00000286102295","SouthBoundLatitude":"40.11111068725586","NorthBoundLatitude":"64.88888549804688"}},{"Name":"T_anom","Title":"Temperature Anomaly","Abstract":"Temperature anomaly","FirstDate":"1991-08-16","LastDate":"2013-08-16","EX_GeographicBoundingBox":{"WestBoundLongitude":"-19.833330154418945","EastBoundLongitude":"13.00000286102295","SouthBoundLatitude":"40.11111068725586","NorthBoundLatitude":"64.88888549804688"}}]}},{"wmsURL":"http://rsg.pml.ac.uk/thredds/wms/PML-Y-AGGSLOW?","serverName":"rsg.pml.ac.uk-thredds-wms-PML-Y-AGGSLOW","contactInfo":{"person":"Remote Sensing Group","email":"rsgweb@pml.ac.uk","address":"","phone":"","position":""},"provider":"Plymouth Marine Laboratory","timeStamp":"2016-11-28T16:17:09.050Z","owner":"a.user@pml.ac.uk","server":{"Layers":[{"Name":"bloom_duration","Title":"Bloom Duration (calculated from Phytoplankton)","Abstract":"Bloom duration (calculated from phytoplankton)","FirstDate":"1991-07-02","LastDate":"2013-07-02","EX_GeographicBoundingBox":{"WestBoundLongitude":"-19.833330154418945","EastBoundLongitude":"13.00000286102295","SouthBoundLatitude":"40.11111068725586","NorthBoundLatitude":"64.88888549804688"}},{"Name":"bloom_max","Title":"Maximum Bloom (calculated from Phytoplankton)","Abstract":"Maximum bloom (calculated from phytoplankton)","FirstDate":"1991-07-02","LastDate":"2013-07-02","EX_GeographicBoundingBox":{"WestBoundLongitude":"-19.833330154418945","EastBoundLongitude":"13.00000286102295","SouthBoundLatitude":"40.11111068725586","NorthBoundLatitude":"64.88888549804688"}},{"Name":"minO2","Title":"Oxygen, Minimum Value of Daily Average","Abstract":"Oxygen, minimum value of daily average","FirstDate":"1991-07-02","LastDate":"2013-07-02","EX_GeographicBoundingBox":{"WestBoundLongitude":"-19.833330154418945","EastBoundLongitude":"13.00000286102295","SouthBoundLatitude":"40.11111068725586","NorthBoundLatitude":"64.88888549804688"}},{"Name":"max_Chl_surf","Title":"Surface Chlorophyll, Max Value of Monthly Mean","Abstract":"Surface chlorophyll, max value of monthly mean","FirstDate":"1991-07-02","LastDate":"2013-07-02","EX_GeographicBoundingBox":{"WestBoundLongitude":"-19.833330154418945","EastBoundLongitude":"13.00000286102295","SouthBoundLatitude":"40.11111068725586","NorthBoundLatitude":"64.88888549804688"}},{"Name":"DIN_winter-min","Title":"Surface Nitrate, Winter Minimum","Abstract":"Surface nitrate, winter minimum","FirstDate":"1991-07-02","LastDate":"2013-07-02","EX_GeographicBoundingBox":{"WestBoundLongitude":"-19.833330154418945","EastBoundLongitude":"13.00000286102295","SouthBoundLatitude":"40.11111068725586","NorthBoundLatitude":"64.88888549804688"}},{"Name":"DIP_winter-min","Title":"Surface Phosphate, Winter Minimum","Abstract":"Surface phosphate, winter minimum","FirstDate":"1991-07-02","LastDate":"2013-07-02","EX_GeographicBoundingBox":{"WestBoundLongitude":"-19.833330154418945","EastBoundLongitude":"13.00000286102295","SouthBoundLatitude":"40.11111068725586","NorthBoundLatitude":"64.88888549804688"}},{"Name":"DISi_winter-min","Title":"Surface Silicate, Winter Minimum","Abstract":"Surface silicate, winter minimum","FirstDate":"1991-07-02","LastDate":"2013-07-02","EX_GeographicBoundingBox":{"WestBoundLongitude":"-19.833330154418945","EastBoundLongitude":"13.00000286102295","SouthBoundLatitude":"40.11111068725586","NorthBoundLatitude":"64.88888549804688"}},{"Name":"max_Chl_total","Title":"Total Chlorophyll (column Integrated), Max Value of Monthly Mean","Abstract":"Total chlorophyll (column integrated), max value of monthly mean","FirstDate":"1991-07-02","LastDate":"2013-07-02","EX_GeographicBoundingBox":{"WestBoundLongitude":"-19.833330154418945","EastBoundLongitude":"13.00000286102295","SouthBoundLatitude":"40.11111068725586","NorthBoundLatitude":"64.88888549804688"}}]}}]